// Jest Snapshot v1, https://goo.gl/fbAQLP

exports[`Document list component should render with a document list when provided in props 1`] = `
<table
  class="govuk-table"
>
  <caption
    class="govuk-table__caption"
  >
    Documents
  </caption>
  <tbody
    class="govuk-table__body"
  >
    <tr
      class="govuk-table__row"
    >
      <td
        class="govuk-table__cell"
      >
        <strong
          class="govuk-tag"
        >
          ORIGINAL
        </strong>
      </td>
      <td
        class="govuk-table__cell"
      >
        TEST_DOCUMENT_1
      </td>
      <td
        class="govuk-table__cell"
      >
        <a
          class="govuk-link"
          download="TEST_DOCUMENT_1.pdf"
          href="/case/MOCK_CASE_ID/document/MOCK_S3_LINK_1"
          id="MOCK_DOC_ID_1-pdf"
        >
          Preview
        </a>
      </td>
      <td
        class="govuk-table__cell"
      >
        <a
          class="govuk-link"
          download="TEST_DOCUMENT_1"
          href="/case/MOCK_CASE_ID/document/MOCK_ORIG_LINK_1"
        >
          Download
        </a>
      </td>
      <td
        class="govuk-table__cell"
      />
    </tr>
    <tr
      class="govuk-table__row"
    >
      <td
        class="govuk-table__cell"
      >
        <strong
          class="govuk-tag"
        >
          ORIGINAL
        </strong>
      </td>
      <td
        class="govuk-table__cell"
      >
        TEST_DOCUMENT_2
      </td>
      <td
        class="govuk-table__cell"
      >
        <a
          class="govuk-link"
          download="TEST_DOCUMENT_2.pdf"
          href="/case/MOCK_CASE_ID/document/MOCK_S3_LINK_2"
          id="MOCK_DOC_ID_2-pdf"
        >
          Preview
        </a>
      </td>
      <td
        class="govuk-table__cell"
      >
        <a
          class="govuk-link"
          download="TEST_DOCUMENT_2"
          href="/case/MOCK_CASE_ID/document/MOCK_ORIG_LINK_2"
        >
          Download
        </a>
      </td>
      <td
        class="govuk-table__cell"
      />
    </tr>
    <tr
      class="govuk-table__row"
    >
      <td
        class="govuk-table__cell"
      >
        <strong
          class="govuk-tag"
        >
          ORIGINAL
        </strong>
      </td>
      <td
        class="govuk-table__cell"
      >
        TEST_DOCUMENT_3
      </td>
      <td
        class="govuk-table__cell"
      >
        <a
          class="govuk-link"
          download="TEST_DOCUMENT_3.pdf"
          href="/case/MOCK_CASE_ID/document/MOCK_S3_LINK_3"
          id="MOCK_DOC_ID_3-pdf"
        >
          Preview
        </a>
      </td>
      <td
        class="govuk-table__cell"
      >
        <a
          class="govuk-link"
          download="TEST_DOCUMENT_3"
          href="/case/MOCK_CASE_ID/document/MOCK_ORIG_LINK_3"
        >
          Download
        </a>
      </td>
      <td
        class="govuk-table__cell"
      />
    </tr>
  </tbody>
</table>
`;

exports[`Document list component should render with default props 1`] = `
<table
  class="govuk-table"
>
  <caption
    class="govuk-table__caption"
  >
    Documents
  </caption>
  <tbody
    class="govuk-table__body"
  />
</table>
`;
