// Jest Snapshot v1, https://goo.gl/fbAQLP

exports[`The people component should render successfully when there are no correspondents 1`] = `null`;

exports[`The people component should render with all 3 correspondent's 1`] = `
Array [
  <h2
    class="govuk-heading-m"
  >
    Constituent (primary)
  </h2>,
  <table
    class="govuk-table margin-left--small"
  >
    <tbody
      class="govuk-table__body"
    >
      <tr
        class="govuk-table__row"
      >
        <th
          class="govuk-table__header padding-left--small govuk-!-width-one-third"
        >
          Name
        </th>
        <td
          class="govuk-table__cell"
        >
          some_name
        </td>
      </tr>
      <tr
        class="govuk-table__cell"
      >
        <th
          class="govuk-table__header padding-left--small govuk-!-width-one-third"
        >
          Address
        </th>
        <td
          class="govuk-table__cell"
        >
           
          <span>
            a building
          </span>
            
          <br />
           
          <span>
            a street
          </span>
            
          <br />
           
          <span>
            a_city
          </span>
            
          <br />
           
          <span>
            WQ1 1PQ
          </span>
            
          <br />
           
          <span>
            United Kingdom
          </span>
           
        </td>
      </tr>
      <tr
        class="govuk-table__row"
      >
        <th
          class="govuk-table__header padding-left--small govuk-!-width-one-third"
        >
          Telephone
        </th>
        <td
          class="govuk-table__cell"
        >
          97498374827348
        </td>
      </tr>
      <tr
        class="govuk-table__row"
      >
        <th
          class="govuk-table__header padding-left--small govuk-!-width-one-third"
        >
          Email address
        </th>
        <td
          class="govuk-table__cell"
        >
          name123@email.com
        </td>
      </tr>
      <tr
        class="govuk-table__row"
      >
        <th
          class="govuk-table__header padding-left--small govuk-!-width-one-third"
        >
          Reference
        </th>
        <td
          class="govuk-table__cell"
        >
          ref1
        </td>
      </tr>
    </tbody>
  </table>,
  <h2
    class="govuk-heading-m"
  >
    Member
  </h2>,
  <table
    class="govuk-table margin-left--small"
  >
    <tbody
      class="govuk-table__body"
    >
      <tr
        class="govuk-table__row"
      >
        <th
          class="govuk-table__header padding-left--small govuk-!-width-one-third"
        >
          Name
        </th>
        <td
          class="govuk-table__cell"
        >
          fname lname
        </td>
      </tr>
    </tbody>
  </table>,
  <h2
    class="govuk-heading-m"
  >
    Applicant
  </h2>,
  <table
    class="govuk-table margin-left--small"
  >
    <tbody
      class="govuk-table__body"
    >
      <tr
        class="govuk-table__row"
      >
        <th
          class="govuk-table__header padding-left--small govuk-!-width-one-third"
        >
          Name
        </th>
        <td
          class="govuk-table__cell"
        >
          my name
        </td>
      </tr>
      <tr
        class="govuk-table__cell"
      >
        <th
          class="govuk-table__header padding-left--small govuk-!-width-one-third"
        >
          Address
        </th>
        <td
          class="govuk-table__cell"
        >
           
          <span>
            some house
          </span>
            
          <br />
           
          <span>
            some street
          </span>
            
          <br />
           
          <span>
            some_city
          </span>
            
          <br />
           
          <span>
            ZR1 3PL
          </span>
            
          <br />
           
          <span>
            United Kingdom
          </span>
           
        </td>
      </tr>
      <tr
        class="govuk-table__row"
      >
        <th
          class="govuk-table__header padding-left--small govuk-!-width-one-third"
        >
          Telephone
        </th>
        <td
          class="govuk-table__cell"
        >
          01987876882342
        </td>
      </tr>
      <tr
        class="govuk-table__row"
      >
        <th
          class="govuk-table__header padding-left--small govuk-!-width-one-third"
        >
          Email address
        </th>
        <td
          class="govuk-table__cell"
        >
          test@test.com
        </td>
      </tr>
      <tr
        class="govuk-table__row"
      >
        <th
          class="govuk-table__header padding-left--small govuk-!-width-one-third"
        >
          Reference
        </th>
        <td
          class="govuk-table__cell"
        >
          a reference
        </td>
      </tr>
    </tbody>
  </table>,
]
`;
