// Jest Snapshot v1, https://goo.gl/fbAQLP

exports[`Stage summary component should render with default props 1`] = `
Array [
  <h2
    class="govuk-heading-m"
  >
    Stages
  </h2>,
  <table
    class="govuk-table"
  >
    <caption
      class="govuk-table__caption"
    >
      STAGE_TYPE
    </caption>
    <tbody
      class="govuk-table__body"
    >
      <tr
        class="govuk-table__row"
      >
        <th
          class="govuk-table__header"
          scope="row"
        >
          UUID
        </th>
        <td
          class="govuk-table__cell "
        />
      </tr>
      <tr
        class="govuk-table__row"
      >
        <th
          class="govuk-table__header"
          scope="row"
        >
          field
        </th>
        <td
          class="govuk-table__cell "
        >
          VALUE
        </td>
      </tr>
    </tbody>
  </table>,
]
`;
