// Jest Snapshot v1, https://goo.gl/fbAQLP

exports[`Dashboard page component should render with default props 1`] = `
<Component
  dispatch={
    [MockFunction] {
      "calls": Array [
        Array [
          undefined,
        ],
        Array [
          undefined,
        ],
        Array [
          undefined,
        ],
        Array [
          undefined,
        ],
      ],
      "results": Array [
        Object {
          "isThrow": false,
          "value": Promise {
            "_a": undefined,
            "_c": Array [],
            "_d": true,
            "_h": 0,
            "_n": false,
            "_s": 1,
            "_v": undefined,
          },
        },
        Object {
          "isThrow": false,
          "value": Promise {
            "_a": undefined,
            "_c": Array [],
            "_d": true,
            "_h": 0,
            "_n": false,
            "_s": 1,
            "_v": undefined,
          },
        },
        Object {
          "isThrow": false,
          "value": Promise {
            "_a": undefined,
            "_c": Array [],
            "_d": true,
            "_h": 0,
            "_n": false,
            "_s": 1,
            "_v": undefined,
          },
        },
        Object {
          "isThrow": false,
          "value": Promise {
            "_a": undefined,
            "_c": Array [],
            "_d": true,
            "_h": 0,
            "_n": false,
            "_s": 1,
            "_v": undefined,
          },
        },
      ],
    }
  }
  track={
    [MockFunction] {
      "calls": Array [
        Array [
          "PAGE_VIEW",
          Object {
            "path": "/",
            "title": undefined,
          },
        ],
      ],
      "results": Array [
        Object {
          "isThrow": false,
          "value": undefined,
        },
      ],
    }
  }
>
  <DashboardPage
    dispatch={
      [MockFunction] {
        "calls": Array [
          Array [
            undefined,
          ],
          Array [
            undefined,
          ],
          Array [
            undefined,
          ],
          Array [
            undefined,
          ],
        ],
        "results": Array [
          Object {
            "isThrow": false,
            "value": Promise {
              "_a": undefined,
              "_c": Array [],
              "_d": true,
              "_h": 0,
              "_n": false,
              "_s": 1,
              "_v": undefined,
            },
          },
          Object {
            "isThrow": false,
            "value": Promise {
              "_a": undefined,
              "_c": Array [],
              "_d": true,
              "_h": 0,
              "_n": false,
              "_s": 1,
              "_v": undefined,
            },
          },
          Object {
            "isThrow": false,
            "value": Promise {
              "_a": undefined,
              "_c": Array [],
              "_d": true,
              "_h": 0,
              "_n": false,
              "_s": 1,
              "_v": undefined,
            },
          },
          Object {
            "isThrow": false,
            "value": Promise {
              "_a": undefined,
              "_c": Array [],
              "_d": true,
              "_h": 0,
              "_n": false,
              "_s": 1,
              "_v": undefined,
            },
          },
        ],
      }
    }
    match={
      Object {
        "url": "/",
      }
    }
    track={
      [MockFunction] {
        "calls": Array [
          Array [
            "PAGE_VIEW",
            Object {
              "path": "/",
              "title": undefined,
            },
          ],
        ],
        "results": Array [
          Object {
            "isThrow": false,
            "value": undefined,
          },
        ],
      }
    }
  >
    <div
      className="govuk-grid-row"
    >
      <div
        className="govuk-grid-column-full"
      >
        <h2
          className="govuk-heading-m"
        >
          My Cases
        </h2>
        <h2
          className="govuk-heading-m"
        >
          Team Cases
        </h2>
      </div>
    </div>
  </DashboardPage>
</Component>
`;
