// Jest Snapshot v1, https://goo.gl/fbAQLP

exports[`Dashboard page component should render with default props 1`] = `
<Component
  dispatch={
    [MockFunction] {
      "calls": Array [
        Array [
          undefined,
        ],
        Array [
          undefined,
        ],
        Array [
          undefined,
        ],
      ],
      "results": Array [
        Object {
          "isThrow": false,
          "value": Promise {},
        },
        Object {
          "isThrow": false,
          "value": Promise {},
        },
        Object {
          "isThrow": false,
          "value": Promise {},
        },
      ],
    }
  }
>
  <DashboardPage
    dispatch={
      [MockFunction] {
        "calls": Array [
          Array [
            undefined,
          ],
          Array [
            undefined,
          ],
          Array [
            undefined,
          ],
        ],
        "results": Array [
          Object {
            "isThrow": false,
            "value": Promise {},
          },
          Object {
            "isThrow": false,
            "value": Promise {},
          },
          Object {
            "isThrow": false,
            "value": Promise {},
          },
        ],
      }
    }
  >
    <h2
      className="govuk-heading-l"
    >
      My work
    </h2>
    <h2
      className="govuk-heading-l"
    >
      My teams work
    </h2>
  </DashboardPage>
</Component>
`;
