// Jest Snapshot v1, https://goo.gl/fbAQLP

exports[`Workstack page component should render with default props 1`] = `
<Component
  dispatch={
    [MockFunction] {
      "calls": Array [
        Array [
          undefined,
        ],
        Array [
          undefined,
        ],
        Array [
          undefined,
        ],
        Array [
          undefined,
        ],
      ],
      "results": Array [
        Object {
          "type": "return",
          "value": Promise {},
        },
        Object {
          "type": "return",
          "value": Promise {},
        },
        Object {
          "type": "return",
          "value": Promise {},
        },
        Object {
          "type": "return",
          "value": Promise {},
        },
      ],
    }
  }
>
  <WorkstackPage
    dispatch={
      [MockFunction] {
        "calls": Array [
          Array [
            undefined,
          ],
          Array [
            undefined,
          ],
          Array [
            undefined,
          ],
          Array [
            undefined,
          ],
        ],
        "results": Array [
          Object {
            "type": "return",
            "value": Promise {},
          },
          Object {
            "type": "return",
            "value": Promise {},
          },
          Object {
            "type": "return",
            "value": Promise {},
          },
          Object {
            "type": "return",
            "value": Promise {},
          },
        ],
      }
    }
    match={
      Object {
        "url": "/test",
      }
    }
  >
    <div />
  </WorkstackPage>
</Component>
`;
