// Jest Snapshot v1, https://goo.gl/fbAQLP

exports[`Workstack page component should render with default props 1`] = `
<Component
  dispatch={
    [MockFunction] {
      "calls": Array [
        Array [
          undefined,
        ],
        Array [
          undefined,
        ],
        Array [
          undefined,
        ],
        Array [
          undefined,
        ],
      ],
      "results": Array [
        Object {
          "isThrow": false,
          "value": Promise {
            "_a": undefined,
            "_c": Array [],
            "_d": true,
            "_h": 0,
            "_n": false,
            "_s": 1,
            "_v": undefined,
          },
        },
        Object {
          "isThrow": false,
          "value": Promise {
            "_a": undefined,
            "_c": Array [],
            "_d": true,
            "_h": 0,
            "_n": false,
            "_s": 1,
            "_v": undefined,
          },
        },
        Object {
          "isThrow": false,
          "value": Promise {
            "_a": undefined,
            "_c": Array [],
            "_d": true,
            "_h": 0,
            "_n": false,
            "_s": 1,
            "_v": undefined,
          },
        },
        Object {
          "isThrow": false,
          "value": Promise {
            "_a": undefined,
            "_c": Array [],
            "_d": true,
            "_h": 0,
            "_n": false,
            "_s": 1,
            "_v": undefined,
          },
        },
      ],
    }
  }
  track={
    [MockFunction] {
      "calls": Array [
        Array [
          "PAGE_VIEW",
          Object {
            "path": "/test",
            "title": undefined,
          },
        ],
      ],
      "results": Array [
        Object {
          "isThrow": false,
          "value": undefined,
        },
      ],
    }
  }
>
  <WorkstackPage
    dispatch={
      [MockFunction] {
        "calls": Array [
          Array [
            undefined,
          ],
          Array [
            undefined,
          ],
          Array [
            undefined,
          ],
          Array [
            undefined,
          ],
        ],
        "results": Array [
          Object {
            "isThrow": false,
            "value": Promise {
              "_a": undefined,
              "_c": Array [],
              "_d": true,
              "_h": 0,
              "_n": false,
              "_s": 1,
              "_v": undefined,
            },
          },
          Object {
            "isThrow": false,
            "value": Promise {
              "_a": undefined,
              "_c": Array [],
              "_d": true,
              "_h": 0,
              "_n": false,
              "_s": 1,
              "_v": undefined,
            },
          },
          Object {
            "isThrow": false,
            "value": Promise {
              "_a": undefined,
              "_c": Array [],
              "_d": true,
              "_h": 0,
              "_n": false,
              "_s": 1,
              "_v": undefined,
            },
          },
          Object {
            "isThrow": false,
            "value": Promise {
              "_a": undefined,
              "_c": Array [],
              "_d": true,
              "_h": 0,
              "_n": false,
              "_s": 1,
              "_v": undefined,
            },
          },
        ],
      }
    }
    match={
      Object {
        "url": "/test",
      }
    }
    track={
      [MockFunction] {
        "calls": Array [
          Array [
            "PAGE_VIEW",
            Object {
              "path": "/test",
              "title": undefined,
            },
          ],
        ],
        "results": Array [
          Object {
            "isThrow": false,
            "value": undefined,
          },
        ],
      }
    }
  >
    <div />
  </WorkstackPage>
</Component>
`;
