// Jest Snapshot v1, https://goo.gl/fbAQLP

exports[`Workstack page component should render with default props 1`] = `
<Component
  dispatch={
    [MockFunction] {
      "calls": Array [
        Array [
          undefined,
        ],
        Array [
          undefined,
        ],
        Array [
          undefined,
        ],
      ],
    }
  }
>
  <WorkstackPage
    dispatch={
      [MockFunction] {
        "calls": Array [
          Array [
            undefined,
          ],
          Array [
            undefined,
          ],
          Array [
            undefined,
          ],
        ],
      }
    }
    match={
      Object {
        "url": "/test",
      }
    }
  >
    <p
      className="govuk-body"
    >
      No items to display
    </p>
  </WorkstackPage>
</Component>
`;
