// Jest Snapshot v1, https://goo.gl/fbAQLP

exports[`Case-view-read-only Adapter should build a schema from the provided template 1`] = `
Object {
  "data": Object {
    "dateFieldA": "2020-01-19",
    "dateFieldB": "2020-01-20",
    "dateFieldC": "2020-01-21",
    "fieldA": "Some Value A",
    "fieldB": "Some Value B",
    "fieldC": "Some Value C",
  },
  "meta": Object {},
  "schema": Object {
    "defaultActionLabel": "Submit",
    "fields": Array [
      Object {
        "component": "accordion",
        "props": Object {
          "name": "Accordion",
          "sections": Array [
            Object {
              "items": Array [
                Object {
                  "component": "text",
                  "props": Object {
                    "label": "My Field A",
                    "name": "fieldA",
                  },
                  "validation": Array [
                    "required",
                  ],
                },
                Object {
                  "component": "date",
                  "props": Object {
                    "label": "My Date Field A",
                    "name": "dateFieldA",
                  },
                  "validation": Array [
                    "required",
                  ],
                },
                Object {
                  "component": "text",
                  "props": Object {
                    "label": "My Empty Field A",
                    "name": "emptyFieldA",
                  },
                  "validation": Array [
                    "required",
                  ],
                },
              ],
              "title": "titleA",
            },
            Object {
              "items": Array [
                Object {
                  "component": "text",
                  "props": Object {
                    "label": "My Field B",
                    "name": "fieldB",
                  },
                  "validation": Array [
                    "required",
                  ],
                },
                Object {
                  "component": "date",
                  "props": Object {
                    "label": "My Date Field  B",
                    "name": "dateFieldB",
                  },
                  "validation": Array [
                    "required",
                  ],
                },
                Object {
                  "component": "text",
                  "props": Object {
                    "label": "My Empty Field B",
                    "name": "emptyFieldB",
                  },
                  "validation": Array [
                    "required",
                  ],
                },
              ],
              "title": "titleB",
            },
            Object {
              "items": Array [
                Object {
                  "component": "text",
                  "props": Object {
                    "label": "My Field C",
                    "name": "fieldC",
                  },
                  "validation": Array [
                    "required",
                  ],
                },
                Object {
                  "component": "date",
                  "props": Object {
                    "label": "My Date Field C",
                    "name": "dateFieldC",
                  },
                  "validation": Array [
                    "required",
                  ],
                },
                Object {
                  "component": "text",
                  "props": Object {
                    "label": "My Empty Field C",
                    "name": "emptyFieldC",
                  },
                  "validation": Array [
                    "required",
                  ],
                },
              ],
              "title": "titleC",
            },
          ],
        },
      },
    ],
    "showPrimaryAction": false,
    "title": "MIN/1234567/18",
  },
}
`;
