// Jest Snapshot v1, https://goo.gl/fbAQLP

exports[`Case Notes Adapter should transform case-note data and sort by event time 1`] = `
Array [
  Object {
    "body": Object {
      "author": "MOCK_USER",
      "date": "11 January 2019 at 12:00",
      "modifiedBy": "MOCK_USER",
      "modifiedDate": null,
      "stage": "MOCK_STAGETYPE",
    },
    "timelineItemUUID": "__timelineItemUUID__",
    "title": "Topic: __topic__ Removed",
    "type": "CASE_TOPIC_DELETED",
  },
  Object {
    "body": Object {
      "author": "MOCK_USER",
      "date": "10 January 2019 at 12:00",
      "modifiedBy": "MOCK_USER",
      "modifiedDate": null,
      "stage": "MOCK_STAGETYPE",
    },
    "timelineItemUUID": "__timelineItemUUID__",
    "title": "Topic: __topic__ Added",
    "type": "CASE_TOPIC_CREATED",
  },
  Object {
    "body": Object {
      "author": "MOCK_USER",
      "date": "9 January 2019 at 12:00",
      "modifiedBy": "MOCK_USER",
      "modifiedDate": null,
      "stage": "MOCK_STAGETYPE",
    },
    "timelineItemUUID": "__timelineItemUUID__",
    "title": "Correspondent: undefined Removed",
    "type": "CORRESPONDENT_DELETED",
  },
  Object {
    "body": Object {
      "author": "MOCK_USER",
      "date": "8 January 2019 at 12:00",
      "modifiedBy": "MOCK_USER",
      "modifiedDate": null,
      "stage": "MOCK_STAGETYPE",
    },
    "timelineItemUUID": "__timelineItemUUID__",
    "title": "Case Created",
    "type": "CASE_CREATED",
  },
  Object {
    "body": Object {
      "author": "MOCK_USER",
      "date": "7 January 2019 at 12:00",
      "modifiedBy": "MOCK_USER",
      "modifiedDate": null,
      "stage": "MOCK_STAGETYPE",
    },
    "timelineItemUUID": "__timelineItemUUID__",
    "title": "Correspondent: Mr. Tester 3 Updated",
    "type": "CORRESPONDENT_UPDATED",
  },
  Object {
    "body": Object {
      "author": "MOCK_USER",
      "date": "7 January 2019 at 12:00",
      "modifiedBy": "MOCK_USER",
      "modifiedDate": null,
      "stage": "MOCK_STAGETYPE",
    },
    "timelineItemUUID": "__timelineItemUUID__",
    "title": "Correspondent: undefined Added",
    "type": "CORRESPONDENT_CREATED",
  },
  Object {
    "body": Object {
      "author": "MOCK_USER",
      "date": "6 January 2019 at 12:00",
      "modifiedBy": "MOCK_USER",
      "modifiedDate": null,
    },
    "timelineItemUUID": "__timelineItemUUID__",
    "title": "Appeal Updated: ",
    "type": "APPEAL_UPDATED",
  },
  Object {
    "body": Object {
      "actionLabel": "",
      "allocationId": undefined,
      "author": "MOCK_USER",
      "body": Object {
        "caseNote": "A test case note",
        "document": "test document",
        "fullname": "test correspondent",
        "stage": 1,
        "teamUUID": 1,
        "topic": "test topic",
        "userUUID": 1,
      },
      "correspondent": "test correspondent",
      "date": "6 January 2019 at 12:00",
      "document": undefined,
      "note": "A test case note",
      "noteCount": undefined,
      "stage": "MOCK_STAGETYPE",
      "topic": undefined,
    },
    "timelineItemUUID": "__timelineItemUUID__",
    "title": "System event",
    "type": "CASE_UPDATED",
  },
  Object {
    "body": Object {
      "author": "MOCK_USER",
      "date": "5 January 2019 at 12:00",
      "modifiedBy": "MOCK_USER",
      "modifiedDate": null,
    },
    "timelineItemUUID": "__timelineItemUUID__",
    "title": "Stage: MOCK_STAGETYPE Started",
    "type": "STAGE_RECREATED",
  },
  Object {
    "body": Object {
      "author": "MOCK_USER",
      "date": "5 January 2019 at 12:00",
      "modifiedBy": "MOCK_USER",
      "modifiedDate": null,
    },
    "timelineItemUUID": "__timelineItemUUID__",
    "title": "Stage: MOCK_STAGETYPE Completed",
    "type": "STAGE_COMPLETED",
  },
  Object {
    "body": Object {
      "author": "MOCK_USER",
      "date": "5 January 2019 at 12:00",
      "modifiedBy": "MOCK_USER",
      "modifiedDate": null,
    },
    "timelineItemUUID": "__timelineItemUUID__",
    "title": "Stage: MOCK_STAGETYPE Started",
    "type": "STAGE_CREATED",
  },
  Object {
    "body": Object {
      "author": "MOCK_USER",
      "date": "5 January 2019 at 12:00",
      "modifiedBy": "MOCK_USER",
      "modifiedDate": null,
    },
    "timelineItemUUID": "__timelineItemUUID__",
    "title": "Field Name changed to: Updated Value",
    "type": "DATA_FIELD_UPDATED",
  },
  Object {
    "body": Object {
      "author": "MOCK_USER",
      "date": "5 January 2019 at 12:00",
      "modifiedBy": "MOCK_USER",
      "modifiedDate": null,
      "note": "A test case note",
    },
    "timelineItemUUID": "__timelineItemUUID__",
    "title": "Compliance measures - Other",
    "type": "ENQUIRY_REASON_EUNATIONAL_OTHERDETAILS",
  },
  Object {
    "body": Object {
      "author": "MOCK_USER",
      "date": "5 January 2019 at 12:00",
      "modifiedBy": "MOCK_USER",
      "modifiedDate": null,
      "stage": "MOCK_STAGETYPE",
    },
    "timelineItemUUID": "__timelineItemUUID__",
    "title": "Allocated to the MOCK_TEAM",
    "type": "STAGE_ALLOCATED_TO_TEAM",
  },
  Object {
    "body": Object {
      "author": "MOCK_USER",
      "date": "5 January 2019 at 12:00",
      "modifiedBy": "MOCK_USER",
      "modifiedDate": null,
      "note": "A test case note",
    },
    "timelineItemUUID": "__timelineItemUUID__",
    "title": "Change note",
    "type": "CHANGE",
  },
  Object {
    "body": Object {
      "author": "MOCK_USER",
      "date": "5 January 2019 at 12:00",
      "modifiedBy": "MOCK_USER",
      "modifiedDate": null,
    },
    "timelineItemUUID": "__timelineItemUUID__",
    "title": "Field Name: New Value",
    "type": "DATA_FIELD_UPDATED",
  },
  Object {
    "body": Object {
      "actionLabel": "",
      "allocationId": undefined,
      "author": "MOCK_USER",
      "body": Object {
        "caseType": "FOI",
        "note": "Updated details of interest",
        "partyType": "__partyType_2__",
        "stage": 1,
        "teamUUID": 1,
        "userUUID": 1,
      },
      "correspondent": undefined,
      "date": "5 January 2019 at 12:00",
      "document": undefined,
      "note": "Updated details of interest",
      "noteCount": undefined,
      "stage": "MOCK_STAGETYPE",
      "topic": undefined,
    },
    "timelineItemUUID": "__timelineItemUUID__",
    "title": "System event",
    "type": "EXTERNAL_INTEREST_UPDATE",
  },
  Object {
    "body": Object {
      "author": "MOCK_USER",
      "date": "5 January 2019 at 12:00",
      "modifiedBy": "MOCK_USER",
      "modifiedDate": null,
      "note": undefined,
    },
    "timelineItemUUID": "__timelineItemUUID__",
    "title": "External Interest Created: __partyLabel__",
    "type": "EXTERNAL_INTEREST_CREATED",
  },
  Object {
    "body": Object {
      "author": "MOCK_USER",
      "date": "5 January 2019 at 12:00",
      "modifiedBy": "MOCK_USER",
      "modifiedDate": null,
    },
    "timelineItemUUID": "__timelineItemUUID__",
    "title": "Appeal Updated: __caseTypeActionLabel__",
    "type": "APPEAL_UPDATED",
  },
  Object {
    "body": Object {
      "author": "MOCK_USER",
      "date": "5 January 2019 at 12:00",
      "modifiedBy": "MOCK_USER",
      "modifiedDate": null,
    },
    "timelineItemUUID": "__timelineItemUUID__",
    "title": "Appeal Created: __caseTypeActionLabel__",
    "type": "APPEAL_CREATED",
  },
  Object {
    "body": Object {
      "actionLabel": "",
      "allocationId": undefined,
      "author": "MOCK_USER",
      "body": Object {
        "caseNote": "An extension reason case note",
        "stage": 1,
        "teamUUID": 1,
        "userUUID": 1,
      },
      "correspondent": undefined,
      "date": "5 January 2019 at 12:00",
      "document": undefined,
      "note": "An extension reason case note",
      "noteCount": undefined,
      "stage": "MOCK_STAGETYPE",
      "topic": undefined,
    },
    "timelineItemUUID": "__timelineItemUUID__",
    "title": "System event",
    "type": "EXTENSION",
  },
  Object {
    "body": Object {
      "author": "MOCK_USER",
      "date": "5 January 2019 at 12:00",
      "modifiedBy": "MOCK_USER",
      "modifiedDate": null,
      "note": "A test transfer reason case note",
    },
    "timelineItemUUID": "__timelineItemUUID__",
    "title": "Case transfer reason",
    "type": "CASE_TRANSFER_REASON",
  },
  Object {
    "body": Object {
      "author": "MOCK_USER",
      "date": "5 January 2019 at 12:00",
      "modifiedBy": "MOCK_USER",
      "modifiedDate": null,
      "note": "A test case note",
    },
    "timelineItemUUID": "__timelineItemUUID__",
    "title": "Case closure note",
    "type": "CLOSE",
  },
  Object {
    "body": Object {
      "author": "MOCK_USER",
      "date": "4 January 2019 at 12:00",
      "modifiedBy": "MOCK_USER",
      "modifiedDate": null,
      "stage": "MOCK_STAGETYPE",
    },
    "timelineItemUUID": "__timelineItemUUID__",
    "title": "Document: test document Created",
    "type": "DOCUMENT_CREATED",
  },
  Object {
    "body": Object {
      "author": "MOCK_USER",
      "date": "3 January 2019 at 12:00",
      "modifiedBy": "MOCK_USER",
      "modifiedDate": null,
      "stage": "MOCK_STAGETYPE",
    },
    "timelineItemUUID": "__timelineItemUUID__",
    "title": "Allocated to MOCK_USER",
    "type": "STAGE_ALLOCATED_TO_USER",
  },
  Object {
    "body": Object {
      "author": "MOCK_USER",
      "date": "2 January 2019 at 12:00",
      "modifiedBy": "MOCK_USER",
      "modifiedDate": null,
      "stage": "MOCK_STAGETYPE",
    },
    "timelineItemUUID": "__timelineItemUUID__",
    "title": "Document: test document Deleted",
    "type": "DOCUMENT_DELETED",
  },
  Object {
    "body": Object {
      "actionLabel": "",
      "allocationId": undefined,
      "author": "MOCK_USER",
      "body": Object {},
      "correspondent": undefined,
      "date": "1 January 2019 at 12:00",
      "document": undefined,
      "note": undefined,
      "noteCount": undefined,
      "stage": "MOCK_STAGETYPE",
      "topic": undefined,
    },
    "timelineItemUUID": "__timelineItemUUID__",
    "title": "System event",
    "type": "TEST_UNKNOWN_TYPE",
  },
  Object {
    "body": Object {
      "author": "MOCK_USER",
      "date": "1 January 2019 at 12:00",
      "modifiedBy": "MOCK_USER",
      "modifiedDate": "3 January 2019 at 14:00",
      "note": "A test case note",
    },
    "timelineItemUUID": "__timelineItemUUID__",
    "title": "Case note 1",
    "type": "MANUAL",
  },
]
`;
