// Jest Snapshot v1, https://goo.gl/fbAQLP

exports[`Case Summary Adapter should transform fully populated case summary data 1`] = `
Object {
  "additionalFields": Array [
    Object {
      "label": "Test field",
      "value": "TEST",
    },
    Object {
      "label": "Test additional field date",
      "value": "01/01/2020",
    },
  ],
  "case": Object {
    "deadline": "01/01/2020",
    "received": "01/01/2019",
  },
  "deadlines": null,
  "primaryCorrespondent": "Test Correspondent",
  "primaryTopic": "Topic A",
  "stages": Array [
    Object {
      "assignedTeam": "MOCK_TEAM",
      "assignedUser": "MOCK_USER",
      "stage": "MOCK_STAGETYPE",
    },
  ],
}
`;

exports[`Case Summary Adapter should transform minimal case summary data 1`] = `
Object {
  "additionalFields": Array [],
  "case": Object {
    "deadline": null,
    "received": "01/01/2019",
  },
  "deadlines": null,
  "primaryCorrespondent": null,
  "primaryTopic": null,
  "stages": Array [],
}
`;
