// Jest Snapshot v1, https://goo.gl/fbAQLP

exports[`Documents Adapter should transform document data and sort by creation date descending 1`] = `
Array [
  Array [
    "type1",
    Array [
      Object {
        "label": "Document A",
        "status": undefined,
        "tags": Array [
          undefined,
        ],
        "timeStamp": "02-01-2019",
        "type": "type1",
        "value": 1,
      },
      Object {
        "label": "Document B",
        "status": undefined,
        "tags": Array [
          undefined,
        ],
        "timeStamp": "01-01-2019",
        "type": "type1",
        "value": 2,
      },
    ],
  ],
  Array [
    "type2",
    Array [
      Object {
        "label": "Document C",
        "status": undefined,
        "tags": Array [
          undefined,
        ],
        "timeStamp": "03-01-2019",
        "type": "type2",
        "value": 3,
      },
    ],
  ],
  Array [
    "type3",
    Array [],
  ],
]
`;
