// Jest Snapshot v1, https://goo.gl/fbAQLP

exports[`Documents Adapter should transform document data and sort by creation date 1`] = `
Array [
  Array [
    "Claimant form",
    Array [],
  ],
  Array [
    "Supporting evidence",
    Array [],
  ],
  Array [
    "Matrix",
    Array [],
  ],
  Array [
    "Outbound letter",
    Array [],
  ],
]
`;
