// Jest Snapshot v1, https://goo.gl/fbAQLP

exports[`Documents List Adapter should transform document data and sort by creation date 1`] = `
[
  {
    "label": "Document C",
    "status": undefined,
    "tags": [
      undefined,
      undefined,
    ],
    "timeStamp": "03-01-2019",
    "value": 3,
  },
  {
    "label": "Document A",
    "status": undefined,
    "tags": [
      undefined,
      undefined,
    ],
    "timeStamp": "02-01-2019",
    "value": 1,
  },
  {
    "label": "Document B",
    "status": undefined,
    "tags": [
      undefined,
      undefined,
    ],
    "timeStamp": "01-01-2019",
    "value": 2,
  },
]
`;
