// Jest Snapshot v1, https://goo.gl/fbAQLP

exports[`Entity List Items Adapter should transform data 1`] = `
[
  {
    "active": true,
    "label": "Title First",
    "value": "First",
  },
  {
    "active": true,
    "label": "Title Second",
    "value": "Second",
  },
  {
    "active": false,
    "label": "Title Third",
    "value": "Third",
  },
]
`;
