// Jest Snapshot v1, https://goo.gl/fbAQLP

exports[`Static Casetypes Adapter should transform static casetype data 1`] = `
[
  {
    "key": "CASETYPE_A",
    "value": "Casetype A",
  },
  {
    "key": "CASETYPE_C",
    "value": "Casetype C",
  },
  {
    "key": "CASETYPE_B",
    "value": "Casetype B",
  },
]
`;

exports[`Static Stagetypes Adapter should transform and stagetype data 1`] = `
[
  {
    "key": "STAGETYPE_A",
    "value": "Stagetype A",
  },
  {
    "key": "STAGETYPE_C",
    "value": "Stagetype C",
  },
  {
    "key": "STAGETYPE_B",
    "value": "Stagetype B",
  },
]
`;

exports[`Static Teams Adapter should transformstatic team data 1`] = `
[
  {
    "key": "TEAM_A",
    "value": "Team A",
  },
  {
    "key": "TEAM_C",
    "value": "Team C",
  },
  {
    "key": "TEAM_B",
    "value": "Team B",
  },
]
`;

exports[`Static Users Adapter should transform static user data 1`] = `
[
  {
    "key": 1,
    "value": "User A",
  },
  {
    "key": 3,
    "value": "User C",
  },
  {
    "key": 2,
    "value": "User B",
  },
]
`;
